[RMT] working dir: /home/shivansh/remote-shree-sk-random-matrix-ml-rmt-stats-esd-fixed
[RMT] python: /home/shivansh/.conda/envs/rmt_ml_env/bin/python
[RMT] numpy 2.1.2  scipy 1.15.3
[RMT] BLAS threads: 8
[RMT] selftest gate ...
[RMT] starting stage 2 at Sat Aug 29 22:49:08 IST 2026

### shape 4096x4096   kind=wishart   reps=40   bulk_frac=1.0   (969s)
  unfolding branch histogram: {'cheb': 40}
  statistic               null mean   null sd       2.5%      97.5%  asymptote  in band?
  n_levels                4096.0000    0.0000  4096.0000  4096.0000        nan         -
  r_statistic_mean           0.5313    0.0055     0.5203     0.5402     0.5307       yes
  unfold_mean_spacing        1.0011    0.0004     1.0003     1.0018     1.0000        NO
  unfold_frac_nonpositive     0.0000    0.0000     0.0000     0.0000        nan         -
  unfold_n_levels         4096.0000    0.0000  4096.0000  4096.0000        nan         -
  nn_KS_GOE                  0.0122    0.0033     0.0070     0.0190        nan         -
  nn_KS_Poisson              0.2134    0.0052     0.2038     0.2231        nan         -
  brody_beta                 0.9602    0.0291     0.8986     1.0234     1.0000       yes
  delta3_L5                  0.1735    0.0027     0.1698     0.1792     0.1561        NO
  delta3_L10                 0.2358    0.0043     0.2296     0.2448     0.2263        NO
  delta3_L50                 0.3887    0.0117     0.3660     0.4101     0.3894       yes
  sigma2_L5                  0.7746    0.0202     0.7415     0.8051     0.7682       yes
  sigma2_L10                 0.9150    0.0319     0.8694     0.9695     0.9086       yes
  sigma2_L20                 1.0678    0.0465     0.9920     1.1544     1.0491       yes
  Porter-Thomas (8 reps, 200 vectors):
  pt_frac_random             0.9575    0.0169     0.9400     0.9800     0.9500
  pt_p_mean                  0.5139    0.0145     0.5009     0.5400     0.5000

### shape 1024x4096   kind=wishart   reps=40   bulk_frac=1.0   (38s)
  unfolding branch histogram: {'cheb': 40}
  statistic               null mean   null sd       2.5%      97.5%  asymptote  in band?
  n_levels                1024.0000    0.0000  1024.0000  1024.0000        nan         -
  r_statistic_mean           0.5317    0.0085     0.5206     0.5471     0.5307       yes
  unfold_mean_spacing        1.0021    0.0012     0.9999     1.0041     1.0000       yes
  unfold_frac_nonpositive     0.0000    0.0000     0.0000     0.0000        nan         -
  unfold_n_levels         1024.0000    0.0000  1024.0000  1024.0000        nan         -
  nn_KS_GOE                  0.0220    0.0048     0.0151     0.0310        nan         -
  nn_KS_Poisson              0.2181    0.0088     0.2030     0.2351        nan         -
  brody_beta                 0.9594    0.0464     0.8925     1.0384     1.0000       yes
  delta3_L5                  0.1741    0.0038     0.1681     0.1811     0.1561        NO
  delta3_L10                 0.2355    0.0070     0.2247     0.2480     0.2263       yes
  delta3_L50                 0.3934    0.0195     0.3606     0.4282     0.3894       yes
  sigma2_L5                  0.7715    0.0343     0.7144     0.8441     0.7682       yes
  sigma2_L10                 0.9295    0.0638     0.8137     1.0238     0.9086       yes
  sigma2_L20                 1.0773    0.0995     0.8740     1.2618     1.0491       yes
  Porter-Thomas (8 reps, 200 vectors):
  pt_frac_random             0.9519    0.0100     0.9368     0.9641     0.9500
  pt_p_mean                  0.4999    0.0124     0.4924     0.5245     0.5000

### shape 14336x4096   kind=wishart   reps=40   bulk_frac=1.0   (1413s)
  unfolding branch histogram: {'cheb': 40}
  statistic               null mean   null sd       2.5%      97.5%  asymptote  in band?
  n_levels                4096.0000    0.0000  4096.0000  4096.0000        nan         -
  r_statistic_mean           0.5309    0.0043     0.5236     0.5385     0.5307       yes
  unfold_mean_spacing        1.0030    0.0005     1.0022     1.0042     1.0000        NO
  unfold_frac_nonpositive     0.0000    0.0000     0.0000     0.0000        nan         -
  unfold_n_levels         4096.0000    0.0000  4096.0000  4096.0000        nan         -
  nn_KS_GOE                  0.0125    0.0029     0.0082     0.0203        nan         -
  nn_KS_Poisson              0.2143    0.0037     0.2073     0.2199        nan         -
  brody_beta                 0.9559    0.0217     0.9169     0.9937     1.0000        NO
  delta3_L5                  0.1727    0.0020     0.1700     0.1771     0.1561        NO
  delta3_L10                 0.2343    0.0036     0.2285     0.2394     0.2263        NO
  delta3_L50                 0.3915    0.0116     0.3685     0.4094     0.3894       yes
  sigma2_L5                  0.7848    0.0171     0.7620     0.8212     0.7682       yes
  sigma2_L10                 0.9628    0.0345     0.9182     1.0383     0.9086        NO
  sigma2_L20                 1.1872    0.0667     1.0896     1.3281     1.0491        NO
  Porter-Thomas (8 reps, 200 vectors):
  pt_frac_random             0.9400    0.0198     0.9085     0.9632     0.9500
  pt_p_mean                  0.5023    0.0139     0.4852     0.5213     0.5000

### shape 4096x14336   kind=wishart   reps=40   bulk_frac=1.0   (1676s)
  unfolding branch histogram: {'cheb': 40}
  statistic               null mean   null sd       2.5%      97.5%  asymptote  in band?
  n_levels                4096.0000    0.0000  4096.0000  4096.0000        nan         -
  r_statistic_mean           0.5312    0.0050     0.5205     0.5406     0.5307       yes
  unfold_mean_spacing        1.0029    0.0005     1.0022     1.0037     1.0000        NO
  unfold_frac_nonpositive     0.0000    0.0000     0.0000     0.0000        nan         -
  unfold_n_levels         4096.0000    0.0000  4096.0000  4096.0000        nan         -
  nn_KS_GOE                  0.0130    0.0034     0.0077     0.0197        nan         -
  nn_KS_Poisson              0.2143    0.0049     0.2054     0.2240        nan         -
  brody_beta                 0.9606    0.0303     0.9086     1.0150     1.0000       yes
  delta3_L5                  0.1731    0.0025     0.1679     0.1767     0.1561        NO
  delta3_L10                 0.2340    0.0044     0.2284     0.2408     0.2263        NO
  delta3_L50                 0.3902    0.0118     0.3675     0.4075     0.3894       yes
  sigma2_L5                  0.7816    0.0213     0.7485     0.8218     0.7682       yes
  sigma2_L10                 0.9541    0.0308     0.9020     0.9971     0.9086       yes
  sigma2_L20                 1.1704    0.0590     1.0652     1.2724     1.0491        NO
  Porter-Thomas (8 reps, 200 vectors):
  pt_frac_random             0.9600    0.0139     0.9376     0.9782     0.9500
  pt_p_mean                  0.5066    0.0168     0.4857     0.5318     0.5000

HOW TO READ THIS
  * 'in band? = NO' means the closed-form constant the suite currently
    compares against is OUTSIDE the null -- every real matrix will look
    like it deviates. Report z-scores against null_mean/null_sd instead.
  * null sd is the per-matrix noise floor. A deviation smaller than
    ~2 sd on ONE matrix is not a measurement.

wrote cal/null_bands.csv  (64 rows)
[RMT] done at Sun Aug 30 00:21:11 IST 2026
-rw-rw-r-- 1 shivansh shivansh 8383 Aug 30 00:21 cal/null_bands.csv
