[RMT] working dir: /home/shivansh/remote-shree-sk-random-matrix-ml-rmt-stats-esd-fixed
[RMT] python: /home/shivansh/.conda/envs/rmt_ml_env/bin/python
[RMT] numpy 2.1.2  scipy 1.15.3
[RMT] BLAS threads: 8
[RMT] selftest gate ...
[RMT] starting stage 2 at Fri Sep  4 13:03:12 IST 2026

### shape 4096x4096   kind=wishart   reps=40   bulk_frac=1.0   (1019s)
  unfolding branch histogram: {'cheb': 40}
  statistic               null mean   null sd       2.5%      97.5%  asymptote  in band?
  n_levels                4096.0000    0.0000  4096.0000  4096.0000        nan         -
  r_statistic_mean           0.5313    0.0055     0.5203     0.5402     0.5307       yes
  unfold_mean_spacing        1.0001    0.0002     0.9997     1.0004     1.0000       yes
  unfold_frac_nonpositive     0.0000    0.0000     0.0000     0.0000        nan         -
  unfold_n_levels         4096.0000    0.0000  4096.0000  4096.0000        nan         -
  nn_KS_GOE                  0.0126    0.0033     0.0074     0.0193        nan         -
  nn_KS_Poisson              0.2132    0.0052     0.2038     0.2226        nan         -
  brody_beta                 0.9594    0.0290     0.8985     1.0231     1.0000       yes
  delta3_L5                  0.1739    0.0026     0.1696     0.1801     0.1561        NO
  delta3_L10                 0.2362    0.0042     0.2289     0.2444     0.2263        NO
  delta3_L50                 0.3884    0.0118     0.3651     0.4090     0.3894       yes
  sigma2_L5                  0.7688    0.0216     0.7377     0.8047     0.7682       yes
  sigma2_L10                 0.8999    0.0336     0.8421     0.9733     0.9086       yes
  sigma2_L20                 1.0334    0.0493     0.9508     1.1271     1.0491       yes
  Porter-Thomas (8 reps, 200 vectors):
  pt_frac_random             0.9575    0.0169     0.9400     0.9800     0.9500
  pt_p_mean                  0.5139    0.0145     0.5009     0.5400     0.5000

### shape 1024x4096   kind=wishart   reps=40   bulk_frac=1.0   (39s)
  unfolding branch histogram: {'cheb': 40}
  statistic               null mean   null sd       2.5%      97.5%  asymptote  in band?
  n_levels                1024.0000    0.0000  1024.0000  1024.0000        nan         -
  r_statistic_mean           0.5317    0.0085     0.5206     0.5471     0.5307       yes
  unfold_mean_spacing        0.9998    0.0009     0.9984     1.0012     1.0000       yes
  unfold_frac_nonpositive     0.0000    0.0000     0.0000     0.0000        nan         -
  unfold_n_levels         1024.0000    0.0000  1024.0000  1024.0000        nan         -
  nn_KS_GOE                  0.0224    0.0049     0.0139     0.0326        nan         -
  nn_KS_Poisson              0.2173    0.0089     0.2031     0.2346        nan         -
  brody_beta                 0.9552    0.0456     0.8908     1.0391     1.0000       yes
  delta3_L5                  0.1746    0.0041     0.1685     0.1813     0.1561        NO
  delta3_L10                 0.2356    0.0069     0.2238     0.2485     0.2263       yes
  delta3_L50                 0.3914    0.0188     0.3583     0.4247     0.3894       yes
  sigma2_L5                  0.7613    0.0335     0.7028     0.8327     0.7682       yes
  sigma2_L10                 0.9052    0.0565     0.7984     1.0174     0.9086       yes
  sigma2_L20                 1.0264    0.0838     0.8388     1.1711     1.0491       yes
  Porter-Thomas (8 reps, 200 vectors):
  pt_frac_random             0.9519    0.0100     0.9368     0.9641     0.9500
  pt_p_mean                  0.4999    0.0124     0.4924     0.5245     0.5000

### shape 14336x4096   kind=wishart   reps=40   bulk_frac=1.0   (1457s)
  unfolding branch histogram: {'cheb': 40}
  statistic               null mean   null sd       2.5%      97.5%  asymptote  in band?
  n_levels                4096.0000    0.0000  4096.0000  4096.0000        nan         -
  r_statistic_mean           0.5309    0.0043     0.5236     0.5385     0.5307       yes
  unfold_mean_spacing        1.0003    0.0004     0.9996     1.0010     1.0000       yes
  unfold_frac_nonpositive     0.0000    0.0000     0.0000     0.0000        nan         -
  unfold_n_levels         4096.0000    0.0000  4096.0000  4096.0000        nan         -
  nn_KS_GOE                  0.0129    0.0031     0.0077     0.0208        nan         -
  nn_KS_Poisson              0.2138    0.0036     0.2070     0.2193        nan         -
  brody_beta                 0.9535    0.0212     0.9158     0.9932     1.0000        NO
  delta3_L5                  0.1739    0.0020     0.1690     0.1773     0.1561        NO
  delta3_L10                 0.2348    0.0037     0.2274     0.2412     0.2263        NO
  delta3_L50                 0.3892    0.0116     0.3677     0.4106     0.3894       yes
  sigma2_L5                  0.7661    0.0164     0.7426     0.7952     0.7682       yes
  sigma2_L10                 0.9050    0.0315     0.8478     0.9656     0.9086       yes
  sigma2_L20                 1.0441    0.0463     0.9931     1.1317     1.0491       yes
  Porter-Thomas (8 reps, 200 vectors):
  pt_frac_random             0.9400    0.0198     0.9085     0.9632     0.9500
  pt_p_mean                  0.5023    0.0139     0.4852     0.5213     0.5000

### shape 4096x14336   kind=wishart   reps=40   bulk_frac=1.0   (1736s)
  unfolding branch histogram: {'cheb': 40}
  statistic               null mean   null sd       2.5%      97.5%  asymptote  in band?
  n_levels                4096.0000    0.0000  4096.0000  4096.0000        nan         -
  r_statistic_mean           0.5312    0.0050     0.5205     0.5406     0.5307       yes
  unfold_mean_spacing        1.0002    0.0003     0.9997     1.0008     1.0000       yes
  unfold_frac_nonpositive     0.0000    0.0000     0.0000     0.0000        nan         -
  unfold_n_levels         4096.0000    0.0000  4096.0000  4096.0000        nan         -
  nn_KS_GOE                  0.0133    0.0033     0.0074     0.0196        nan         -
  nn_KS_Poisson              0.2138    0.0050     0.2043     0.2238        nan         -
  brody_beta                 0.9586    0.0297     0.9070     1.0115     1.0000       yes
  delta3_L5                  0.1733    0.0026     0.1685     0.1783     0.1561        NO
  delta3_L10                 0.2342    0.0041     0.2272     0.2405     0.2263        NO
  delta3_L50                 0.3883    0.0116     0.3674     0.4075     0.3894       yes
  sigma2_L5                  0.7639    0.0223     0.7261     0.8089     0.7682       yes
  sigma2_L10                 0.9018    0.0308     0.8468     0.9481     0.9086       yes
  sigma2_L20                 1.0346    0.0519     0.9480     1.1396     1.0491       yes
  Porter-Thomas (8 reps, 200 vectors):
  pt_frac_random             0.9600    0.0139     0.9376     0.9782     0.9500
  pt_p_mean                  0.5066    0.0168     0.4857     0.5318     0.5000

HOW TO READ THIS
  * 'in band? = NO' means the closed-form constant the suite currently
    compares against is OUTSIDE the null -- every real matrix will look
    like it deviates. Report z-scores against null_mean/null_sd instead.
  * null sd is the per-matrix noise floor. A deviation smaller than
    ~2 sd on ONE matrix is not a measurement.

wrote cal/null_bands.csv  (64 rows)
[RMT] done at Fri Sep  4 14:38:36 IST 2026
-rw-rw-r-- 1 shivansh shivansh 8386 Sep  4 14:38 cal/null_bands.csv
